// Jest Snapshot v1, https://goo.gl/fbAQLP

exports[`MainPage MainPage match expected snapshot 1`] = `
<div
  className="App"
>
  <div
    className="App-header"
  >
    <Logo
      alt="logo"
      className="App-logo"
    />
    <h2>
      Welcome to React
    </h2>
  </div>
  <p
    className="App-intro"
  >
    To get started, edit 
    <code>
      src/containers/MainPage/index.jsx
    </code>
     and save to reload.
  </p>
  <p
    className="App-intro"
  >
    Infinity increasing counter: 0
  </p>
</div>
`;
